2025.11.25 20:33:32 INFO  Started: Metals version 1.6.3 in folders '/home/jun311k/f-vela' for client Visual Studio Code 1.106.1.[0m
2025.11.25 20:33:32 WARN  Using H2 2.4.240 which is newer than the version Flyway has been verified with. The latest verified version of H2 is 2.3.232.[0m
2025.11.25 20:33:32 INFO  no build target found for /home/jun311k/f-vela/Saturn/scala/backend/Backend.scala. Using presentation compiler with project's scala-library version: 3.3.6[0m
2025.11.25 20:33:34 INFO  Running List(/usr/local/bin/scala-cli, setup-ide, /home/jun311k/f-vela)[0m
2025.11.25 20:33:34 INFO  no build target found for /home/jun311k/f-vela/Saturn/scala/backend/Backend.scala. Using presentation compiler with project's scala-library version: 3.3.6[0m
2025.11.25 20:33:34 INFO  Attempting to connect to the build server...[0m
2025.11.25 20:33:34 INFO  Running BSP server List(/usr/local/bin/scala-cli, bsp, --json-options, /home/jun311k/f-vela/.scala-build/ide-options-v2.json, --json-launcher-options, /home/jun311k/f-vela/.scala-build/ide-launcher-options.json, --envs-file, /home/jun311k/f-vela/.scala-build/ide-envs.json, /home/jun311k/f-vela)[0m
2025.11.25 20:33:34 INFO  tracing is disabled for protocol BSP, to enable tracing of incoming and outgoing JSON messages create an empty file at /home/jun311k/f-vela/.metals/bsp.trace.json or /home/jun311k/.cache/metals/bsp.trace.json[0m
2025.11.25 20:33:34 INFO  time: Connected to build server in 0.87s[0m
2025.11.25 20:33:35 INFO  Connected to Build server: scala-cli v1.5.4[0m
2025.11.25 20:33:35 INFO  compiling f-vela_d5c0a6989e (120 scala sources)[0m
2025.11.25 20:33:36 WARN  Using H2 2.4.240 which is newer than the version Flyway has been verified with. The latest verified version of H2 is 2.3.232.[0m
2025.11.25 20:33:36 INFO  time: indexed workspace in 2.18s[0m
2025.11.25 20:33:40 WARN  there were 5 feature warnings; re-run with -feature for details[0m
2025.11.25 20:33:40 INFO  time: compiled f-vela_d5c0a6989e in 5.22s[0m
2025.11.25 20:33:40 INFO  compiling f-vela_d5c0a6989e (120 scala sources)[0m
2025.11.25 20:33:42 WARN  there were 5 feature warnings; re-run with -feature for details[0m
2025.11.25 20:33:42 INFO  time: compiled f-vela_d5c0a6989e in 1.49s[0m
2025.11.25 20:33:42 INFO  compiling f-vela_d5c0a6989e (120 scala sources)[0m
2025.11.25 20:33:43 WARN  there were 5 feature warnings; re-run with -feature for details[0m
2025.11.25 20:33:43 INFO  time: compiled f-vela_d5c0a6989e in 1.14s[0m
2025.11.25 20:35:27 INFO  Created report: Optional[file:///home/jun311k/f-vela/Saturn/scala/backend/Backend.scala][0m
2025.11.25 20:35:27 INFO  empty definition using pc, found symbol in pc: `<none>`. (full report at: "/home/jun311k/f-vela/.metals/.reports/metals-full/2025-11-25/r_empty-definition_(f-vela_5fd5c0a6989e)_20-35-27-790.md")[0m
2025.11.25 20:35:28 INFO  empty definition using pc, found symbol in pc: `<none>`. (full report at: "/home/jun311k/f-vela/.metals/.reports/metals-full/2025-11-25/r_empty-definition_(f-vela_5fd5c0a6989e)_20-35-27-790.md")[0m
2025.11.25 20:35:29 WARN  Could not find 'IssueQueue' using presentation compiler nor semanticdb. Trying to guess the definition using available information from local class context. [0m
2025.11.25 20:35:29 INFO  empty definition using pc, found symbol in pc: `<none>`. (full report at: "/home/jun311k/f-vela/.metals/.reports/metals-full/2025-11-25/r_empty-definition_(f-vela_5fd5c0a6989e)_20-35-27-790.md")[0m
2025.11.25 20:35:29 INFO  empty definition using pc, found symbol in pc: `<none>`. (full report at: "/home/jun311k/f-vela/.metals/.reports/metals-full/2025-11-25/r_empty-definition_(f-vela_5fd5c0a6989e)_20-35-27-790.md")[0m
2025.11.25 20:35:50 WARN  Could not find 'flatten' using presentation compiler nor semanticdb. Trying to guess the definition using available information from local class context. [0m
2025.11.25 20:35:50 INFO  empty definition using pc, found symbol in pc: `<none>`. (full report at: "/home/jun311k/f-vela/.metals/.reports/metals-full/2025-11-25/r_empty-definition_(f-vela_5fd5c0a6989e)_20-35-27-790.md")[0m
2025.11.25 20:35:50 WARN  Could not find 'hazards' using presentation compiler nor semanticdb. Trying to guess the definition using available information from local class context. [0m
2025.11.25 20:35:50 INFO  empty definition using pc, found symbol in pc: `<none>`. (full report at: "/home/jun311k/f-vela/.metals/.reports/metals-full/2025-11-25/r_empty-definition_(f-vela_5fd5c0a6989e)_20-35-27-790.md")[0m
Nov 25, 2025 8:36:07 PM org.eclipse.lsp4j.jsonrpc.RemoteEndpoint handleCancellation
WARNING: Unmatched cancel notification for request id 240
Nov 25, 2025 8:50:45 PM org.eclipse.lsp4j.jsonrpc.RemoteEndpoint handleCancellation
WARNING: Unmatched cancel notification for request id 931
Nov 25, 2025 8:52:13 PM org.eclipse.lsp4j.jsonrpc.RemoteEndpoint handleCancellation
WARNING: Unmatched cancel notification for request id 1015
Nov 25, 2025 8:52:14 PM org.eclipse.lsp4j.jsonrpc.RemoteEndpoint handleCancellation
WARNING: Unmatched cancel notification for request id 1030
Nov 25, 2025 8:52:44 PM org.eclipse.lsp4j.jsonrpc.RemoteEndpoint handleCancellation
WARNING: Unmatched cancel notification for request id 1113
2025.11.25 20:52:48 INFO  empty definition using pc, found symbol in pc: `<none>`. (full report at: "/home/jun311k/f-vela/.metals/.reports/metals-full/2025-11-25/r_empty-definition_(f-vela_5fd5c0a6989e)_20-35-27-790.md")[0m
2025.11.25 20:52:48 INFO  empty definition using pc, found symbol in pc: `<none>`. (full report at: "/home/jun311k/f-vela/.metals/.reports/metals-full/2025-11-25/r_empty-definition_(f-vela_5fd5c0a6989e)_20-35-27-790.md")[0m
Nov 25, 2025 8:53:02 PM org.eclipse.lsp4j.jsonrpc.RemoteEndpoint handleCancellation
WARNING: Unmatched cancel notification for request id 1167
Nov 25, 2025 8:53:03 PM org.eclipse.lsp4j.jsonrpc.RemoteEndpoint handleCancellation
WARNING: Unmatched cancel notification for request id 1181
Nov 25, 2025 8:53:04 PM org.eclipse.lsp4j.jsonrpc.RemoteEndpoint handleCancellation
WARNING: Unmatched cancel notification for request id 1188
Nov 25, 2025 8:53:50 PM org.eclipse.lsp4j.jsonrpc.RemoteEndpoint handleCancellation
WARNING: Unmatched cancel notification for request id 1403
Nov 25, 2025 8:56:54 PM org.eclipse.lsp4j.jsonrpc.RemoteEndpoint handleCancellation
WARNING: Unmatched cancel notification for request id 1745
Nov 25, 2025 8:57:00 PM org.eclipse.lsp4j.jsonrpc.RemoteEndpoint handleCancellation
WARNING: Unmatched cancel notification for request id 1776
Nov 25, 2025 8:57:00 PM org.eclipse.lsp4j.jsonrpc.RemoteEndpoint handleCancellation
WARNING: Unmatched cancel notification for request id 1780
Nov 25, 2025 8:57:25 PM org.eclipse.lsp4j.jsonrpc.RemoteEndpoint handleCancellation
WARNING: Unmatched cancel notification for request id 1897
Nov 25, 2025 8:57:57 PM org.eclipse.lsp4j.jsonrpc.RemoteEndpoint handleCancellation
WARNING: Unmatched cancel notification for request id 2056
2025.11.25 20:58:05 INFO  empty definition using pc, found symbol in pc: `<none>`. (full report at: "/home/jun311k/f-vela/.metals/.reports/metals-full/2025-11-25/r_empty-definition_(f-vela_5fd5c0a6989e)_20-35-27-790.md")[0m
2025.11.25 20:58:05 INFO  empty definition using pc, found symbol in pc: `<none>`. (full report at: "/home/jun311k/f-vela/.metals/.reports/metals-full/2025-11-25/r_empty-definition_(f-vela_5fd5c0a6989e)_20-35-27-790.md")[0m
2025.11.25 20:58:05 INFO  empty definition using pc, found symbol in pc: `<none>`. (full report at: "/home/jun311k/f-vela/.metals/.reports/metals-full/2025-11-25/r_empty-definition_(f-vela_5fd5c0a6989e)_20-35-27-790.md")[0m
2025.11.25 20:58:05 INFO  empty definition using pc, found symbol in pc: `<none>`. (full report at: "/home/jun311k/f-vela/.metals/.reports/metals-full/2025-11-25/r_empty-definition_(f-vela_5fd5c0a6989e)_20-35-27-790.md")[0m
2025.11.25 20:58:05 INFO  empty definition using pc, found symbol in pc: `<none>`. (full report at: "/home/jun311k/f-vela/.metals/.reports/metals-full/2025-11-25/r_empty-definition_(f-vela_5fd5c0a6989e)_20-35-27-790.md")[0m
2025.11.25 20:58:06 INFO  compiling f-vela_d5c0a6989e (120 scala sources)[0m
2025.11.25 20:58:07 WARN  there were 5 feature warnings; re-run with -feature for details[0m
2025.11.25 20:58:07 INFO  time: compiled f-vela_d5c0a6989e in 1.29s[0m
2025.11.25 21:00:46 INFO  no build target found for /home/jun311k/f-vela/Saturn/scala/backend/CustomSequencer.scala. Using presentation compiler with project's scala-library version: 3.5.2[0m
2025.11.25 21:00:46 INFO  no build target found for /home/jun311k/f-vela/Saturn/scala/backend/CustomSequencer.scala. Using presentation compiler with project's scala-library version: 3.5.2[0m
2025.11.25 21:00:46 WARN  no build target for: /home/jun311k/f-vela/Saturn/scala/backend/CustomSequencer.scala[0m
2025.11.25 21:00:46 INFO  compiling f-vela_d5c0a6989e (121 scala sources)[0m
2025.11.25 21:00:46 WARN  Could not find semantic tokens for: file:///home/jun311k/f-vela/Saturn/scala/backend/CustomSequencer.scala[0m
2025.11.25 21:00:46 WARN  Could not find semantic tokens for: file:///home/jun311k/f-vela/Saturn/scala/backend/CustomSequencer.scala[0m
2025.11.25 21:00:47 INFO  time: indexed workspace in 1.1s[0m
2025.11.25 21:00:47 INFO  Deduplicating compilation of f-vela_d5c0a6989e from bsp client 'scala-cli 1.5.4' (since 27m 12.664s)[0m
2025.11.25 21:00:47 INFO  compiling f-vela_d5c0a6989e (121 scala sources)[0m
2025.11.25 21:00:47 WARN  there were 5 feature warnings; re-run with -feature for details[0m
2025.11.25 21:00:47 WARN  there were 5 feature warnings; re-run with -feature for details[0m
2025.11.25 21:00:47 INFO  time: compiled f-vela_d5c0a6989e in 0.13s[0m
2025.11.25 21:00:47 WARN  Could not find semantic tokens for: file:///home/jun311k/f-vela/Saturn/scala/backend/CustomSequencer.scala[0m
2025.11.25 21:00:47 INFO  compiling f-vela_d5c0a6989e (121 scala sources)[0m
2025.11.25 21:00:49 WARN  there were 5 feature warnings; re-run with -feature for details[0m
2025.11.25 21:00:49 INFO  time: compiled f-vela_d5c0a6989e in 1.26s[0m
2025.11.25 21:00:52 INFO  Created report: Optional[file:///home/jun311k/f-vela/Saturn/scala/backend/CustomSequencer.scala][0m
2025.11.25 21:00:52 INFO  empty definition using pc, found symbol in pc: `<none>`. (full report at: "/home/jun311k/f-vela/.metals/.reports/metals-full/2025-11-25/r_empty-definition_(f-vela_5fd5c0a6989e)_21-00-52-195.md")[0m
2025.11.25 21:00:52 INFO  compiling f-vela_d5c0a6989e (121 scala sources)[0m
2025.11.25 21:00:52 WARN  there were 5 feature warnings; re-run with -feature for details[0m
2025.11.25 21:00:52 INFO  time: compiled f-vela_d5c0a6989e in 0.75s[0m
2025.11.25 21:01:24 INFO  compiling f-vela_d5c0a6989e (121 scala sources)[0m
2025.11.25 21:01:24 WARN  there were 5 feature warnings; re-run with -feature for details[0m
2025.11.25 21:01:24 INFO  time: compiled f-vela_d5c0a6989e in 0.67s[0m
2025.11.25 21:02:43 INFO  compiling f-vela_d5c0a6989e (121 scala sources)[0m
2025.11.25 21:02:43 WARN  there were 5 feature warnings; re-run with -feature for details[0m
2025.11.25 21:02:43 INFO  time: compiled f-vela_d5c0a6989e in 0.99s[0m
2025.11.25 21:03:17 INFO  Created report: Optional[file:///home/jun311k/f-vela/Saturn/scala/backend/IssueQueue.scala][0m
2025.11.25 21:03:17 INFO  empty definition using pc, found symbol in pc: `<none>`. (full report at: "/home/jun311k/f-vela/.metals/.reports/metals-full/2025-11-25/r_empty-definition_(f-vela_5fd5c0a6989e)_21-03-17-044.md")[0m
2025.11.25 21:03:17 INFO  empty definition using pc, found symbol in pc: `<none>`. (full report at: "/home/jun311k/f-vela/.metals/.reports/metals-full/2025-11-25/r_empty-definition_(f-vela_5fd5c0a6989e)_21-03-17-044.md")[0m
2025.11.25 21:03:17 INFO  empty definition using pc, found symbol in pc: `<none>`. (full report at: "/home/jun311k/f-vela/.metals/.reports/metals-full/2025-11-25/r_empty-definition_(f-vela_5fd5c0a6989e)_21-03-17-044.md")[0m
2025.11.25 21:03:17 INFO  compiling f-vela_d5c0a6989e (121 scala sources)[0m
2025.11.25 21:03:17 WARN  there were 5 feature warnings; re-run with -feature for details[0m
2025.11.25 21:03:17 INFO  time: compiled f-vela_d5c0a6989e in 0.8s[0m
2025.11.25 21:03:53 INFO  compiling f-vela_d5c0a6989e (121 scala sources)[0m
2025.11.25 21:03:53 WARN  there were 5 feature warnings; re-run with -feature for details[0m
2025.11.25 21:03:53 INFO  time: compiled f-vela_d5c0a6989e in 0.87s[0m
2025.11.25 21:04:49 INFO  compiling f-vela_d5c0a6989e (121 scala sources)[0m
2025.11.25 21:04:49 WARN  there were 5 feature warnings; re-run with -feature for details[0m
2025.11.25 21:04:49 INFO  time: compiled f-vela_d5c0a6989e in 0.94s[0m
2025.11.25 21:05:03 INFO  compiling f-vela_d5c0a6989e (121 scala sources)[0m
2025.11.25 21:05:03 WARN  there were 5 feature warnings; re-run with -feature for details[0m
2025.11.25 21:05:03 INFO  time: compiled f-vela_d5c0a6989e in 0.64s[0m
2025.11.25 21:05:11 INFO  compiling f-vela_d5c0a6989e (121 scala sources)[0m
2025.11.25 21:05:11 WARN  there were 5 feature warnings; re-run with -feature for details[0m
2025.11.25 21:05:11 INFO  time: compiled f-vela_d5c0a6989e in 0.64s[0m
2025.11.25 21:05:32 INFO  no build target found for /home/jun311k/f-vela/Saturn/scala/common/FloatCasts.scala. Using presentation compiler with project's scala-library version: 3.5.2[0m
2025.11.25 21:05:32 INFO  no build target found for /home/jun311k/f-vela/Saturn/scala/common/FloatCasts.scala. Using presentation compiler with project's scala-library version: 3.5.2[0m
2025.11.25 21:05:32 WARN  no build target for: /home/jun311k/f-vela/Saturn/scala/common/FloatCasts.scala[0m
2025.11.25 21:05:32 WARN  Could not find semantic tokens for: file:///home/jun311k/f-vela/Saturn/scala/common/FloatCasts.scala[0m
2025.11.25 21:05:32 INFO  compiling f-vela_d5c0a6989e (122 scala sources)[0m
2025.11.25 21:05:32 WARN  Could not find semantic tokens for: file:///home/jun311k/f-vela/Saturn/scala/common/FloatCasts.scala[0m
2025.11.25 21:05:32 WARN  there were 5 feature warnings; re-run with -feature for details[0m
2025.11.25 21:05:32 INFO  time: compiled f-vela_d5c0a6989e in 0.69s[0m
2025.11.25 21:05:32 INFO  compiling f-vela_d5c0a6989e (122 scala sources)[0m
2025.11.25 21:05:32 INFO  time: indexed workspace in 0.92s[0m
2025.11.25 21:05:32 INFO  Deduplicating compilation of f-vela_d5c0a6989e from bsp client 'scala-cli 1.5.4' (since 31m 58.653s)[0m
2025.11.25 21:05:32 INFO  compiling f-vela_d5c0a6989e (122 scala sources)[0m
2025.11.25 21:05:34 WARN  there were 5 feature warnings; re-run with -feature for details[0m
2025.11.25 21:05:34 WARN  there were 5 feature warnings; re-run with -feature for details[0m
2025.11.25 21:05:34 INFO  time: compiled f-vela_d5c0a6989e in 1.02s[0m
2025.11.25 21:05:34 WARN  Could not find semantic tokens for: file:///home/jun311k/f-vela/Saturn/scala/common/FloatCasts.scala[0m
2025.11.25 21:05:35 INFO  compiling f-vela_d5c0a6989e (122 scala sources)[0m
2025.11.25 21:05:35 WARN  there were 5 feature warnings; re-run with -feature for details[0m
2025.11.25 21:05:35 INFO  time: compiled f-vela_d5c0a6989e in 0.74s[0m
2025.11.25 21:05:50 INFO  compiling f-vela_d5c0a6989e (122 scala sources)[0m
2025.11.25 21:05:50 WARN  there were 5 feature warnings; re-run with -feature for details[0m
2025.11.25 21:05:50 INFO  time: compiled f-vela_d5c0a6989e in 0.68s[0m
2025.11.25 21:06:40 INFO  compiling f-vela_d5c0a6989e (122 scala sources)[0m
2025.11.25 21:06:40 WARN  there were 5 feature warnings; re-run with -feature for details[0m
2025.11.25 21:06:40 INFO  time: compiled f-vela_d5c0a6989e in 0.9s[0m
2025.11.25 21:06:58 INFO  no build target found for /home/jun311k/f-vela/Saturn/scala/exu/CustomExecutionUnit.scala. Using presentation compiler with project's scala-library version: 3.5.2[0m
2025.11.25 21:06:58 INFO  no build target found for /home/jun311k/f-vela/Saturn/scala/exu/CustomExecutionUnit.scala. Using presentation compiler with project's scala-library version: 3.5.2[0m
2025.11.25 21:06:58 WARN  no build target for: /home/jun311k/f-vela/Saturn/scala/exu/CustomExecutionUnit.scala[0m
2025.11.25 21:06:58 WARN  Could not find semantic tokens for: file:///home/jun311k/f-vela/Saturn/scala/exu/CustomExecutionUnit.scala[0m
2025.11.25 21:06:58 INFO  compiling f-vela_d5c0a6989e (123 scala sources)[0m
2025.11.25 21:06:59 WARN  Could not find semantic tokens for: file:///home/jun311k/f-vela/Saturn/scala/exu/CustomExecutionUnit.scala[0m
2025.11.25 21:06:58 WARN  there were 5 feature warnings; re-run with -feature for details[0m
2025.11.25 21:06:58 INFO  time: compiled f-vela_d5c0a6989e in 0.75s[0m
2025.11.25 21:06:58 INFO  compiling f-vela_d5c0a6989e (123 scala sources)[0m
2025.11.25 21:06:58 INFO  time: indexed workspace in 0.8s[0m
2025.11.25 21:06:58 INFO  Deduplicating compilation of f-vela_d5c0a6989e from bsp client 'scala-cli 1.5.4' (since 33m 24.842s)[0m
2025.11.25 21:06:58 INFO  compiling f-vela_d5c0a6989e (123 scala sources)[0m
2025.11.25 21:07:00 WARN  there were 5 feature warnings; re-run with -feature for details[0m
2025.11.25 21:07:00 WARN  there were 5 feature warnings; re-run with -feature for details[0m
2025.11.25 21:07:00 INFO  time: compiled f-vela_d5c0a6989e in 0.66s[0m
2025.11.25 21:07:00 WARN  Could not find semantic tokens for: file:///home/jun311k/f-vela/Saturn/scala/exu/CustomExecutionUnit.scala[0m
2025.11.25 21:07:01 INFO  Created report: Optional[file:///home/jun311k/f-vela/Saturn/scala/exu/CustomExecutionUnit.scala][0m
2025.11.25 21:07:01 INFO  empty definition using pc, found symbol in pc: `<none>`. (full report at: "/home/jun311k/f-vela/.metals/.reports/metals-full/2025-11-25/r_empty-definition_(f-vela_5fd5c0a6989e)_21-07-01-891.md")[0m
2025.11.25 21:07:02 INFO  compiling f-vela_d5c0a6989e (123 scala sources)[0m
2025.11.25 21:07:02 INFO  empty definition using pc, found symbol in pc: `<none>`. (full report at: "/home/jun311k/f-vela/.metals/.reports/metals-full/2025-11-25/r_empty-definition_(f-vela_5fd5c0a6989e)_21-07-01-891.md")[0m
2025.11.25 21:07:03 WARN  there were 5 feature warnings; re-run with -feature for details[0m
2025.11.25 21:07:03 INFO  time: compiled f-vela_d5c0a6989e in 1.06s[0m
2025.11.25 21:07:25 INFO  compiling f-vela_d5c0a6989e (123 scala sources)[0m
2025.11.25 21:07:25 WARN  there were 5 feature warnings; re-run with -feature for details[0m
2025.11.25 21:07:25 INFO  time: compiled f-vela_d5c0a6989e in 0.68s[0m
2025.11.25 21:07:40 WARN  Could not find 'OPMFunct6' using presentation compiler nor semanticdb. Trying to guess the definition using available information from local class context. [0m
2025.11.25 21:07:40 INFO  Created report: Optional[file:///home/jun311k/f-vela/Saturn/scala/insns/Instructions.scala][0m
2025.11.25 21:07:40 INFO  empty definition using pc, found symbol in pc: `<none>`. (full report at: "/home/jun311k/f-vela/.metals/.reports/metals-full/2025-11-25/r_empty-definition_(f-vela_5fd5c0a6989e)_21-07-40-776.md")[0m
2025.11.25 21:07:40 WARN  Could not find 'OPMFunct6' using presentation compiler nor semanticdb. Trying to guess the definition using available information from local class context. [0m
2025.11.25 21:07:40 INFO  empty definition using pc, found symbol in pc: `<none>`. (full report at: "/home/jun311k/f-vela/.metals/.reports/metals-full/2025-11-25/r_empty-definition_(f-vela_5fd5c0a6989e)_21-07-40-776.md")[0m
2025.11.25 21:07:41 INFO  compiling f-vela_d5c0a6989e (123 scala sources)[0m
2025.11.25 21:07:41 WARN  there were 5 feature warnings; re-run with -feature for details[0m
2025.11.25 21:07:41 INFO  time: compiled f-vela_d5c0a6989e in 0.65s[0m
